==============================================================================
mouseActions                                                                  
==============================================================================
TC1 to test the mouse actions using RF :: testing the different mo... | PASS |
------------------------------------------------------------------------------
mouseActions                                                          | PASS |
1 test, 1 passed, 0 failed
==============================================================================
Output:  C:\Users\cks_1\AquaProjects\RobotFrameworkPractice\Tests\results\pabot_results\0\output.xml
