==============================================================================
Suites                                                                        
==============================================================================
Suites.Parallel                                                               
==============================================================================
TC to test the google application                                     | PASS |
------------------------------------------------------------------------------
TC to test the automation application                                 | PASS |
------------------------------------------------------------------------------
TC to test the demoblaze application                                  | PASS |
------------------------------------------------------------------------------
Suites.Parallel                                                       | PASS |
3 tests, 3 passed, 0 failed
==============================================================================
Suites                                                                | PASS |
3 tests, 3 passed, 0 failed
==============================================================================
Output:  C:\Users\cks_1\AquaProjects\RobotFrameworkPractice\Tests\pabot_results\0\output.xml
